
> crm-backend@1.0.0 start
> node src/index.js

[32minfo[39m: 🔄 Connecting to MongoDB...
[32minfo[39m: Connection URL: mongodb://rakeshshahandco_db_user:****@ac-4ysb32t-shard-00-00.wsugxms.mongodb.net:27017,ac-4ysb32t-shard-00-01.wsugxms.mongodb.net:27017,ac-4ysb32t-shard-00-02.wsugxms.mongodb.net:27017/jskurja-dev?authSource=admin&replicaSet=atlas-11qxg4-shard-0&ssl=true
(node:15436) [MONGOOSE] Warning: Duplicate schema index on {"poNumber":1} found. This is often due to declaring an index using both "index: true" and "schema.index()". Please remove the duplicate index definition.
(Use `node --trace-warnings ...` to show where the warning was created)
(node:15436) [MONGOOSE] Warning: Duplicate schema index on {"grnNumber":1} found. This is often due to declaring an index using both "index: true" and "schema.index()". Please remove the duplicate index definition.
(node:15436) [MONGOOSE] Warning: Duplicate schema index on {"invoiceNumber":1} found. This is often due to declaring an index using both "index: true" and "schema.index()". Please remove the duplicate index definition.
[32minfo[39m: ✅ MongoDB Connected Successfully!
[32minfo[39m: 📍 Database Host: ac-4ysb32t-shard-00-00.wsugxms.mongodb.net
[32minfo[39m: 💾 Database Name: jskurja-dev
[32minfo[39m: 📊 Collections: users, customers, conversations, followups, reminders, tasks, taskgroups, groupmembers, taskcategories, taskgroupitems, groups, taskchatmessages, items, itemtypes, itemgroups, boms, workorders, suppliers, purchaseorders, grns, stockledgers, purchaseinvoices
[32minfo[39m: Server running on port 5000
[32minfo[39m: 🌐 API available at: http://localhost:5000/api/v1
[32minfo[39m: 🔍 MongoDB Query: users.createIndex
[32minfo[39m: 🔍 MongoDB Query: followups.createIndex
[32minfo[39m: 🔍 MongoDB Query: reminders.createIndex
[32minfo[39m: 🔍 MongoDB Query: customers.createIndex
[32minfo[39m: 🔍 MongoDB Query: taskcategories.createIndex
[32minfo[39m: 🔍 MongoDB Query: groups.createIndex
[32minfo[39m: 🔍 MongoDB Query: taskchatmessages.createIndex
[32minfo[39m: 🔍 MongoDB Query: items.createIndex
[32minfo[39m: 🔍 MongoDB Query: itemtypes.createIndex
[32minfo[39m: 🔍 MongoDB Query: itemgroups.createIndex
[32minfo[39m: 🔍 MongoDB Query: boms.createIndex
[32minfo[39m: 🔍 MongoDB Query: groupmembers.createIndex
[32minfo[39m: 🔍 MongoDB Query: suppliers.createIndex
[32minfo[39m: 🔍 MongoDB Query: purchaseorders.createIndex
[32minfo[39m: 🔍 MongoDB Query: grns.createIndex
[32minfo[39m: 🔍 MongoDB Query: purchaseinvoices.createIndex
[32minfo[39m: 🔍 MongoDB Query: stockledgers.createIndex
[32minfo[39m: 🔍 MongoDB Query: users.createIndex
[32minfo[39m: 🔍 MongoDB Query: followups.createIndex
[32minfo[39m: 🔍 MongoDB Query: reminders.createIndex
[32minfo[39m: 🔍 MongoDB Query: workorders.createIndex
[32minfo[39m: 🔍 MongoDB Query: items.createIndex
[32minfo[39m: 🔍 MongoDB Query: itemtypes.createIndex
[32minfo[39m: 🔍 MongoDB Query: itemgroups.createIndex
[32minfo[39m: 🔍 MongoDB Query: boms.createIndex
[32minfo[39m: 🔍 MongoDB Query: purchaseorders.createIndex
[32minfo[39m: 🔍 MongoDB Query: grns.createIndex
[32minfo[39m: 🔍 MongoDB Query: purchaseinvoices.createIndex
[32minfo[39m: 🔍 MongoDB Query: stockledgers.createIndex
[32minfo[39m: 🔍 MongoDB Query: reminders.createIndex
[32minfo[39m: 🔍 MongoDB Query: suppliers.createIndex
[32minfo[39m: 🔍 MongoDB Query: workorders.createIndex
[32minfo[39m: 🔍 MongoDB Query: purchaseorders.createIndex
[32minfo[39m: 🔍 MongoDB Query: grns.createIndex
[32minfo[39m: 🔍 MongoDB Query: purchaseinvoices.createIndex
[32minfo[39m: 🔍 MongoDB Query: workorders.createIndex
[32minfo[39m: 🔍 MongoDB Query: items.createIndex
[32minfo[39m: 🔍 MongoDB Query: purchaseinvoices.createIndex
[32minfo[39m: 🔍 MongoDB Query: grns.createIndex
[32minfo[39m: 🔍 MongoDB Query: workorders.createIndex
[32minfo[39m: 🔍 MongoDB Query: purchaseorders.createIndex
[32minfo[39m: 🔍 MongoDB Query: grns.createIndex
[32minfo[39m: 🔍 MongoDB Query: conversations.createIndex
[32minfo[39m: 🔍 MongoDB Query: users.findOne
[32minfo[39m: 🔍 MongoDB Query: users.findOne
[0mGET /api/v1/auth/me [36m304[0m 67.169 ms - -[0m
[32minfo[39m: 🔍 MongoDB Query: users.findOne
[32minfo[39m: 🔍 MongoDB Query: users.findOne
[0mGET /api/v1/auth/me [36m304[0m 19.210 ms - -[0m
[32minfo[39m: 🔍 MongoDB Query: users.findOne
[32minfo[39m: 🔍 MongoDB Query: users.findOne
[32minfo[39m: 🔍 MongoDB Query: suppliers.countDocuments
[32minfo[39m: 🔍 MongoDB Query: items.find
[32minfo[39m: 🔍 MongoDB Query: items.countDocuments
[32minfo[39m: 🔍 MongoDB Query: suppliers.find
[0mGET /api/v1/suppliers?limit=200 [36m304[0m 44.439 ms - -[0m
[0mGET /api/v1/items?limit=500&sortBy=itemName:asc [36m304[0m 111.274 ms - -[0m
[32minfo[39m: 🔍 MongoDB Query: users.findOne
[32minfo[39m: 🔍 MongoDB Query: users.findOne
[32minfo[39m: 🔍 MongoDB Query: suppliers.countDocuments
[32minfo[39m: 🔍 MongoDB Query: items.find
[32minfo[39m: 🔍 MongoDB Query: items.countDocuments
[32minfo[39m: 🔍 MongoDB Query: suppliers.find
[0mGET /api/v1/suppliers?limit=200 [36m304[0m 30.902 ms - -[0m
[0mGET /api/v1/items?limit=500&sortBy=itemName:asc [36m304[0m 70.846 ms - -[0m
[32minfo[39m: 🔍 MongoDB Query: users.findOne
[32minfo[39m: 🔍 MongoDB Query: grns.find
[0mGET /api/v1/grns/by-supplier/69a683e528a912b8ecd20496 [36m304[0m 60.083 ms - -[0m
[32minfo[39m: 🔍 MongoDB Query: users.findOne
[32minfo[39m: 🔍 MongoDB Query: grns.findOne
[32minfo[39m: 🔍 MongoDB Query: suppliers.find
[32minfo[39m: 🔍 MongoDB Query: purchaseorders.find
[32minfo[39m: 🔍 MongoDB Query: users.find
[0mGET /api/v1/grns/69a6856f28a912b8ecd2050d [36m304[0m 63.588 ms - -[0m
[32minfo[39m: 🔍 MongoDB Query: users.findOne
[32minfo[39m: 🔍 MongoDB Query: suppliers.findOne
[32minfo[39m: 🔍 MongoDB Query: grns.findOne
[32minfo[39m: 🔍 MongoDB Query: purchaseinvoices.countDocuments
[32minfo[39m: 🔍 MongoDB Query: purchaseinvoices.insertOne
[32minfo[39m: 🔍 MongoDB Query: grns.updateOne
[0mPOST /api/v1/purchase-invoices [32m201[0m 180.606 ms - 1765[0m
[32minfo[39m: 🔍 MongoDB Query: users.findOne
[32minfo[39m: 🔍 MongoDB Query: purchaseinvoices.findOne
[32minfo[39m: 🔍 MongoDB Query: suppliers.find
[32minfo[39m: 🔍 MongoDB Query: grns.find
[32minfo[39m: 🔍 MongoDB Query: users.find
[0mGET /api/v1/purchase-invoices/69a690fc40da9ab659970e1d [32m200[0m 61.462 ms - 1955[0m
[32minfo[39m: 🔍 MongoDB Query: users.findOne
[32minfo[39m: 🔍 MongoDB Query: purchaseinvoices.findOne
[32minfo[39m: 🔍 MongoDB Query: suppliers.find
[32minfo[39m: 🔍 MongoDB Query: grns.find
[32minfo[39m: 🔍 MongoDB Query: users.find
[0mGET /api/v1/purchase-invoices/69a690fc40da9ab659970e1d [36m304[0m 66.251 ms - -[0m
[32minfo[39m: 🔍 MongoDB Query: users.findOne
[32minfo[39m: 🔍 MongoDB Query: purchaseinvoices.countDocuments
[32minfo[39m: 🔍 MongoDB Query: purchaseinvoices.find
[32minfo[39m: 🔍 MongoDB Query: suppliers.find
[32minfo[39m: 🔍 MongoDB Query: users.find
[0mGET /api/v1/purchase-invoices?search=&paymentStatus=&limit=50 [32m200[0m 37.415 ms - 1883[0m
[32minfo[39m: 🔍 MongoDB Query: users.findOne
[32minfo[39m: 🔍 MongoDB Query: purchaseinvoices.countDocuments
[32minfo[39m: 🔍 MongoDB Query: purchaseinvoices.find
[32minfo[39m: 🔍 MongoDB Query: suppliers.find
[32minfo[39m: 🔍 MongoDB Query: users.find
[0mGET /api/v1/purchase-invoices?search=&paymentStatus=&limit=50 [36m304[0m 39.788 ms - -[0m
[32minfo[39m: 🔍 MongoDB Query: users.findOne
[32minfo[39m: 🔍 MongoDB Query: purchaseinvoices.findOne
[32minfo[39m: 🔍 MongoDB Query: suppliers.find
[32minfo[39m: 🔍 MongoDB Query: grns.find
[32minfo[39m: 🔍 MongoDB Query: users.find
[0mGET /api/v1/purchase-invoices/69a690fc40da9ab659970e1d [36m304[0m 46.524 ms - -[0m
[32minfo[39m: 🔍 MongoDB Query: users.findOne
[32minfo[39m: 🔍 MongoDB Query: purchaseinvoices.findOne
[32minfo[39m: 🔍 MongoDB Query: suppliers.find
[32minfo[39m: 🔍 MongoDB Query: grns.find
[32minfo[39m: 🔍 MongoDB Query: users.find
[0mGET /api/v1/purchase-invoices/69a690fc40da9ab659970e1d [36m304[0m 32.592 ms - -[0m
[32minfo[39m: 🔍 MongoDB Query: users.findOne
[32minfo[39m: 🔍 MongoDB Query: purchaseinvoices.findOne
[32minfo[39m: 🔍 MongoDB Query: suppliers.find
[32minfo[39m: 🔍 MongoDB Query: grns.find
[32minfo[39m: 🔍 MongoDB Query: users.find
[0mGET /api/v1/purchase-invoices/69a690fc40da9ab659970e1d [36m304[0m 28.964 ms - -[0m
[31merror[39m: Endpoint not found
[0mGET /api/v1/payment-entries/by-invoice/69a690fc40da9ab659970e1d [33m404[0m 1.899 ms - 1926[0m
[32minfo[39m: 🔍 MongoDB Query: users.findOne
[31merror[39m: Endpoint not found
[0mGET /api/v1/payment-entries/by-invoice/69a690fc40da9ab659970e1d [33m404[0m 1.239 ms - 1926[0m
[32minfo[39m: 🔍 MongoDB Query: purchaseinvoices.findOne
[32minfo[39m: 🔍 MongoDB Query: suppliers.find
[32minfo[39m: 🔍 MongoDB Query: grns.find
[32minfo[39m: 🔍 MongoDB Query: users.find
[0mGET /api/v1/purchase-invoices/69a690fc40da9ab659970e1d [36m304[0m 31.014 ms - -[0m
[32minfo[39m: 🔍 MongoDB Query: users.findOne
[32minfo[39m: 🔍 MongoDB Query: purchaseinvoices.findOne
[32minfo[39m: 🔍 MongoDB Query: suppliers.find
[32minfo[39m: 🔍 MongoDB Query: grns.find
[32minfo[39m: 🔍 MongoDB Query: users.find
[0mGET /api/v1/purchase-invoices/69a690fc40da9ab659970e1d [36m304[0m 30.139 ms - -[0m
[32minfo[39m: 🔍 MongoDB Query: users.findOne
[32minfo[39m: 🔍 MongoDB Query: users.findOne
[0mGET /api/v1/auth/me [36m304[0m 20.213 ms - -[0m
[32minfo[39m: 🔍 MongoDB Query: users.findOne
[32minfo[39m: 🔍 MongoDB Query: users.findOne
[0mGET /api/v1/auth/me [36m304[0m 16.353 ms - -[0m
[32minfo[39m: 🔍 MongoDB Query: users.findOne
[31merror[39m: Endpoint not found
[0mGET /api/v1/payment-entries/by-invoice/69a690fc40da9ab659970e1d [33m404[0m 2.921 ms - 1926[0m
[31merror[39m: Endpoint not found
[0mGET /api/v1/payment-entries/by-invoice/69a690fc40da9ab659970e1d [33m404[0m 2.146 ms - 1926[0m
[32minfo[39m: 🔍 MongoDB Query: purchaseinvoices.findOne
[32minfo[39m: 🔍 MongoDB Query: suppliers.find
[32minfo[39m: 🔍 MongoDB Query: grns.find
[32minfo[39m: 🔍 MongoDB Query: users.find
[0mGET /api/v1/purchase-invoices/69a690fc40da9ab659970e1d [36m304[0m 47.600 ms - -[0m
[32minfo[39m: 🔍 MongoDB Query: users.findOne
[32minfo[39m: 🔍 MongoDB Query: purchaseinvoices.findOne
[32minfo[39m: 🔍 MongoDB Query: suppliers.find
[32minfo[39m: 🔍 MongoDB Query: grns.find
[32minfo[39m: 🔍 MongoDB Query: users.find
[0mGET /api/v1/purchase-invoices/69a690fc40da9ab659970e1d [36m304[0m 32.255 ms - -[0m
